Trimmomatic Hi-C Trimming Log
===============================
Date: 2026-05-26
Parameters: LEADING:5 TRAILING:5 SLIDINGWINDOW:4:15 MINLEN:50
Enzyme: MboI

--- Lane L1 ---
Input Read Pairs: 50,028,193
Both Surviving: 49,827,295 (99.60%)
Forward Only Surviving: 88,840 (0.18%)
Reverse Only Surviving: 109,615 (0.22%)
Dropped: 2,443 (0.00%)
Started: 12:58:26
Completed: 13:30:37
Duration: ~32 min

--- Lane L2 ---
Input Read Pairs: 7,577,523
Both Surviving: 7,558,030 (99.74%)
Forward Only Surviving: 10,761 (0.14%)
Reverse Only Surviving: 8,600 (0.11%)
Dropped: 132 (0.00%)
Started: 13:30:37
Completed: 13:38:56
Duration: ~8 min

--- Lane L3 ---
Input Read Pairs: 10,391,156
Both Surviving: 10,349,890 (99.60%)
Forward Only Surviving: 17,812 (0.17%)
Reverse Only Surviving: 22,920 (0.22%)
Dropped: 534 (0.01%)
Started: 13:38:56
Completed: 13:45:34
Duration: ~7 min

--- Summary ---
Total input pairs: 67,997,872
Total both surviving: 67,735,215 (99.61%)
Total dropped: 3,109 (<0.01%)
Total unpaired (F+R): 259,548 (0.38%)